  9|******
 33|*************************
100|****************************************************************************
